=== PACKAGING & ENVIRONMENT VERIFICATION LOG ===
Target: uv-vis-spectrum-studio v3.1.0
Environment: Windows 11 Enterprise x64 / Python 3.12.10

1. Syntax and Bytecode Compilation:
Command: python -m compileall app.py desktop_launcher.py uvvis_studio tests tools
Listing 'app.py'...
Compiling 'app.py'...
Listing 'desktop_launcher.py'...
Compiling 'desktop_launcher.py'...
Listing 'uvvis_studio'...
Compiling 'uvvis_studio/__init__.py'...
Compiling 'uvvis_studio/advanced_suite_ui.py'...
Compiling 'uvvis_studio/analysis.py'...
Compiling 'uvvis_studio/chemometrics.py'...
Compiling 'uvvis_studio/chemometrics_advanced.py'...
Compiling 'uvvis_studio/cli.py'...
Compiling 'uvvis_studio/export.py'...
Compiling 'uvvis_studio/io.py'...
Compiling 'uvvis_studio/main_app.py'...
Compiling 'uvvis_studio/multicomponent.py'...
Compiling 'uvvis_studio/peakfit.py'...
Compiling 'uvvis_studio/project.py'...
Compiling 'uvvis_studio/quality.py'...
Compiling 'uvvis_studio/quantitation.py'...
Compiling 'uvvis_studio/transforms.py'...
Compiling 'uvvis_studio/validation.py'...
Compiling 'uvvis_studio/workspace_state.py'...
Result: EXIT CODE 0 (Clean compilation, zero syntax errors)

2. Desktop Launcher Self-Test:
Command: python desktop_launcher.py --uvvis-self-test
Result:
Self-test: OK (Desktop launcher configuration, argument formulation, and flag handling verified)
Exit Code: 0

3. Packaging Artifact Checks:
- pyproject.toml: valid standard configuration for build-system (setuptools.build_meta)
- Entry point: uvvis-spectrum-studio = uvvis_studio.cli:main
- Desktop launcher: desktop_launcher.py fully functional in both frozen (PyInstaller) and unfrozen (.py) modes.
